// Jest Snapshot v1, https://goo.gl/fbAQLP

exports[`DearImage.blank should work 1`] = `"data:image/png;base64,iVBORw0KGgoAAAANSUhEUgAAABAAAAAICAYAAADwdn+XAAAABmJLR0QA/wD/AP+gvaeTAAAAD0lEQVQokWNgGAWjgIEBAAIIAAHQKWGuAAAAAElFTkSuQmCC"`;
